Processing esp32s3dev (platform: espressif32; board: esp32-s3-devkitc-1; framework: arduino)
--------------------------------------------------------------------------------
Verbose mode can be enabled via `-v, --verbose` option
CONFIGURATION: https://docs.platformio.org/page/boards/espressif32/esp32-s3-devkitc-1.html
PLATFORM: Espressif 32 (7.0.1) > Espressif ESP32-S3-DevKitC-1-N8 (8 MB QD, No PSRAM)
HARDWARE: ESP32S3 240MHz, 320KB RAM, 8MB Flash
DEBUG: Current (esp-builtin) On-board (esp-builtin) External (cmsis-dap, esp-bridge, esp-prog, iot-bus-jtag, jlink, minimodule, olimex-arm-usb-ocd, olimex-arm-usb-ocd-h, olimex-arm-usb-tiny-h, olimex-jtag-tiny, tumpa)
PACKAGES: 
 - framework-arduinoespressif32 @ 3.20017.241212+sha.dcc1105b 
 - tool-esptoolpy @ 2.41100.0 (4.11.0) 
 - toolchain-riscv32-esp @ 8.4.0+2021r2-patch5 
 - toolchain-xtensa-esp32s3 @ 8.4.0+2021r2-patch5
LDF: Library Dependency Finder -> https://bit.ly/configure-pio-ldf
LDF Modes: Finder ~ chain, Compatibility ~ soft
Found 33 compatible libraries
Scanning dependencies...
Dependency Graph
|-- WebServer @ 2.0.0
|-- WiFi @ 2.0.0
Building in release mode
Compiling .pio/build/esp32s3dev/src/main.cpp.o
Archiving .pio/build/esp32s3dev/libedc/libWiFi.a
Indexing .pio/build/esp32s3dev/libedc/libWiFi.a
Archiving .pio/build/esp32s3dev/libb8c/libFS.a
Indexing .pio/build/esp32s3dev/libb8c/libFS.a
Compiling .pio/build/esp32s3dev/libc74/WebServer/Parsing.cpp.o
Compiling .pio/build/esp32s3dev/libc74/WebServer/WebServer.cpp.o
Compiling .pio/build/esp32s3dev/libc74/WebServer/detail/mimetable.cpp.o
Archiving .pio/build/esp32s3dev/libc74/libWebServer.a
Indexing .pio/build/esp32s3dev/libc74/libWebServer.a
Linking .pio/build/esp32s3dev/firmware.elf
Retrieving maximum program size .pio/build/esp32s3dev/firmware.elf
Checking size .pio/build/esp32s3dev/firmware.elf
Advanced Memory Usage is available via "PlatformIO Home > Project Inspect"
RAM:   [=         ]  13.7% (used 45040 bytes from 327680 bytes)
Flash: [=         ]  11.2% (used 732389 bytes from 6553600 bytes)
Building .pio/build/esp32s3dev/firmware.bin
esptool.py v4.11.0
Creating esp32s3 image...
Merged 2 ELF sections
Successfully created esp32s3 image.
========================= [SUCCESS] Took 3.14 seconds =========================
